Last login: Tue Mar  1 18:00:26 on ttys000
/Users/helitonbruning/.bash_profile:41: no matches found: [default]
/Users/helitonbruning/.zshrc:7: no matches found: [default]
helitonbruning@192 ~ % cd Download
cd: no such file or directory: Download
helitonbruning@192 ~ % cd Downloads 
helitonbruning@192 Downloads % ec2-18-205-25-36.compute-1.amazonaws.com
zsh: command not found: ec2-18-205-25-36.compute-1.amazonaws.com
helitonbruning@192 Downloads % ssh -i "project_Secondary.pem" ec2-user@ec2-18-205-25-36.compute-1.amazonaws.com
The authenticity of host 'ec2-18-205-25-36.compute-1.amazonaws.com (18.205.25.36)' can't be established.
ED25519 key fingerprint is SHA256:nAxigtaTDZYpVHPLO12f+1sUirXOKe1Ca3a9u3OFnf4.
This key is not known by any other names
Are you sure you want to continue connecting (yes/no/[fingerprint])? yes
Warning: Permanently added 'ec2-18-205-25-36.compute-1.amazonaws.com' (ED25519) to the list of known hosts.
@@@@@@@@@@@@@@@@@@@@@@@@@@@@@@@@@@@@@@@@@@@@@@@@@@@@@@@@@@@
@         WARNING: UNPROTECTED PRIVATE KEY FILE!          @
@@@@@@@@@@@@@@@@@@@@@@@@@@@@@@@@@@@@@@@@@@@@@@@@@@@@@@@@@@@
Permissions 0644 for 'project_Secondary.pem' are too open.
It is required that your private key files are NOT accessible by others.
This private key will be ignored.
Load key "project_Secondary.pem": bad permissions
ec2-user@ec2-18-205-25-36.compute-1.amazonaws.com: Permission denied (publickey,gssapi-keyex,gssapi-with-mic).
helitonbruning@192 Downloads % chmod 400 project_Secondary.pem
helitonbruning@192 Downloads % ssh -i "project_Secondary.pem" ec2-user@ec2-18-205-25-36.compute-1.amazonaws.com

       __|  __|_  )
       _|  (     /   Amazon Linux 2 AMI
      ___|\___|___|

https://aws.amazon.com/amazon-linux-2/
-bash: warning: setlocale: LC_CTYPE: cannot change locale (UTF-8): No such file or directory
[ec2-user@ip-10-1-10-216 ~]$ client_loop: send disconnect: Broken pipe
helitonbruning@192 Downloads % 
helitonbruning@192 Downloads % ssh -i "project_Secondary.pem" ec2-user@ec2-18-205-25-36.compute-1.amazonaws.com
Last login: Tue Mar  1 21:19:19 2022 from 179.190.116.232

       __|  __|_  )
       _|  (     /   Amazon Linux 2 AMI
      ___|\___|___|

https://aws.amazon.com/amazon-linux-2/
-bash: warning: setlocale: LC_CTYPE: cannot change locale (UTF-8): No such file or directory
[ec2-user@ip-10-1-10-216 ~]$ mysql -h udacity2.ccr6g67t8y9d.us-east-1.rds.amazonaws.com -u admin -p udacity
-bash: mysql: command not found
[ec2-user@ip-10-1-10-216 ~]$ sudo yum install mysql
Failed to set locale, defaulting to C
Loaded plugins: extras_suggestions, langpacks, priorities, update-motd
amzn2-core                                               | 3.7 kB     00:00     
Resolving Dependencies
--> Running transaction check
---> Package mariadb.x86_64 1:5.5.68-1.amzn2 will be installed
--> Finished Dependency Resolution

Dependencies Resolved

================================================================================
 Package        Arch          Version                   Repository         Size
================================================================================
Installing:
 mariadb        x86_64        1:5.5.68-1.amzn2          amzn2-core        8.8 M

Transaction Summary
================================================================================
Install  1 Package

Total download size: 8.8 M
Installed size: 49 M
Is this ok [y/d/N]: y
Downloading packages:
mariadb-5.5.68-1.amzn2.x86_64.rpm                          | 8.8 MB   00:00     
Running transaction check
Running transaction test
Transaction test succeeded
Running transaction
  Installing : 1:mariadb-5.5.68-1.amzn2.x86_64                              1/1 
  Verifying  : 1:mariadb-5.5.68-1.amzn2.x86_64                              1/1 

Installed:
  mariadb.x86_64 1:5.5.68-1.amzn2                                               

Complete!
[ec2-user@ip-10-1-10-216 ~]$ mysql -h udacity2.ccr6g67t8y9d.us-east-1.rds.amazonaws.com -u admin -p udacity
Enter password: 
Reading table information for completion of table and column names
You can turn off this feature to get a quicker startup with -A

Welcome to the MariaDB monitor.  Commands end with ; or \g.
Your MySQL connection id is 16
Server version: 8.0.27 Source distribution

Copyright (c) 2000, 2018, Oracle, MariaDB Corporation Ab and others.

Type 'help;' or '\h' for help. Type '\c' to clear the current input statement.

MySQL [udacity]> select * from tutorials ;
+-------------+-------------------+-----------------+
| tutorial_id | tutorial_title    | tutorial_author |
+-------------+-------------------+-----------------+
|           1 | Udacity AWS - RDS | Max             |
+-------------+-------------------+-----------------+
1 row in set (0.00 sec)

MySQL [udacity]> insert into  tutorials (tutorial_title, tutorial_author ) values ('Udacity AWS', 'Max');
ERROR 1290 (HY000): The MySQL server is running with the --read-only option so it cannot execute this statement
MySQL [udacity]> 
